// Jest Snapshot v1, https://goo.gl/fbAQLP

exports[`output array 1`] = `
"foo [1,2] and null !== undefined
root
  | bar
  | deep
     | baz
     | deeper
        | wow
 qux"
`;
